[    0.000000] Linux version 4.15.0-212-generic (buildd@lcy02-amd64-083) (gcc version 7.5.0 (Ubuntu 7.5.0-3ubuntu1~18.04)) #223-Ubuntu SMP Tue May 23 13:09:22 UTC 2023 (Ubuntu 4.15.0-212.223-generic 4.15.18)
[    0.000000] Command line: BOOT_IMAGE=/boot/vmlinuz-4.15.0-212-generic root=LABEL=cloudimg-rootfs ro console=tty1 console=ttyS0
[    0.000000] KERNEL supported cpus:
[    0.000000]   Intel GenuineIntel
[    0.000000]   AMD AuthenticAMD
[    0.000000]   Centaur CentaurHauls
[    0.000000] [Firmware Bug]: TSC doesn't count with P0 frequency!
[    0.000000] x86/fpu: Supporting XSAVE feature 0x001: 'x87 floating point registers'
[    0.000000] x86/fpu: Supporting XSAVE feature 0x002: 'SSE registers'
[    0.000000] x86/fpu: Supporting XSAVE feature 0x004: 'AVX registers'
[    0.000000] x86/fpu: xstate_offset[2]:  576, xstate_sizes[2]:  256
[    0.000000] x86/fpu: Enabled xstate features 0x7, context size is 832 bytes, using 'standard' format.
[    0.000000] e820: BIOS-provided physical RAM map:
[    0.000000] BIOS-e820: [mem 0x0000000000000000-0x000000000009fbff] usable
[    0.000000] BIOS-e820: [mem 0x000000000009fc00-0x000000000009ffff] reserved
[    0.000000] BIOS-e820: [mem 0x00000000000f0000-0x00000000000fffff] reserved
[    0.000000] BIOS-e820: [mem 0x0000000000100000-0x000000001ffeffff] usable
[    0.000000] BIOS-e820: [mem 0x000000001fff0000-0x000000001fffffff] ACPI data
[    0.000000] BIOS-e820: [mem 0x00000000fec00000-0x00000000fec00fff] reserved
[    0.000000] BIOS-e820: [mem 0x00000000fee00000-0x00000000fee00fff] reserved
[    0.000000] BIOS-e820: [mem 0x00000000fffc0000-0x00000000ffffffff] reserved
[    0.000000] NX (Execute Disable) protection: active
[    0.000000] SMBIOS 2.5 present.
[    0.000000] DMI: innotek GmbH VirtualBox/VirtualBox, BIOS VirtualBox 12/01/2006
[    0.000000] Hypervisor detected: KVM
[    0.000000] e820: last_pfn = 0x1fff0 max_arch_pfn = 0x400000000
[    0.000000] MTRR: Disabled
[    0.000000] x86/PAT: MTRRs disabled, skipping PAT initialization too.
[    0.000000] CPU MTRRs all blank - virtualized system.
[    0.000000] x86/PAT: Configuration [0-7]: WB  WT  UC- UC  WB  WT  UC- UC  
[    0.000000] found SMP MP-table at [mem 0x0009fff0-0x0009ffff]
[    0.000000] Scanning 1 areas for low memory corruption
[    0.000000] RAMDISK: [mem 0x1db01000-0x1ee12fff]
[    0.000000] ACPI: Early table checksum verification disabled
[    0.000000] ACPI: RSDP 0x00000000000E0000 000024 (v02 VBOX  )
[    0.000000] ACPI: XSDT 0x000000001FFF0030 00003C (v01 VBOX   VBOXXSDT 00000001 ASL  00000061)
[    0.000000] ACPI: FACP 0x000000001FFF00F0 0000F4 (v04 VBOX   VBOXFACP 00000001 ASL  00000061)
[    0.000000] ACPI: DSDT 0x000000001FFF0470 002325 (v02 VBOX   VBOXBIOS 00000002 INTL 20200925)
[    0.000000] ACPI: FACS 0x000000001FFF0200 000040
[    0.000000] ACPI: FACS 0x000000001FFF0200 000040
[    0.000000] ACPI: APIC 0x000000001FFF0240 00005C (v02 VBOX   VBOXAPIC 00000001 ASL  00000061)
[    0.000000] ACPI: SSDT 0x000000001FFF02A0 0001CC (v01 VBOX   VBOXCPUT 00000002 INTL 20200925)
[    0.000000] ACPI: Reserving FACP table memory at [mem 0x1fff00f0-0x1fff01e3]
[    0.000000] ACPI: Reserving DSDT table memory at [mem 0x1fff0470-0x1fff2794]
[    0.000000] ACPI: Reserving FACS table memory at [mem 0x1fff0200-0x1fff023f]
[    0.000000] ACPI: Reserving FACS table memory at [mem 0x1fff0200-0x1fff023f]
[    0.000000] ACPI: Reserving APIC table memory at [mem 0x1fff0240-0x1fff029b]
[    0.000000] ACPI: Reserving SSDT table memory at [mem 0x1fff02a0-0x1fff046b]
[    0.000000] No NUMA configuration found
[    0.000000] Faking a node at [mem 0x0000000000000000-0x000000001ffeffff]
[    0.000000] NODE_DATA(0) allocated [mem 0x1ffc5000-0x1ffeffff]
[    0.000000] kvm-clock: cpu 0, msr 0:1ff44001, primary cpu clock
[    0.000000] kvm-clock: Using msrs 4b564d01 and 4b564d00
[    0.000000] kvm-clock: using sched offset of 3148984772 cycles
[    0.000000] clocksource: kvm-clock: mask: 0xffffffffffffffff max_cycles: 0x1cd42e4dffb, max_idle_ns: 881590591483 ns
[    0.000000] Zone ranges:
[    0.000000]   DMA      [mem 0x0000000000001000-0x0000000000ffffff]
[    0.000000]   DMA32    [mem 0x0000000001000000-0x000000001ffeffff]
[    0.000000]   Normal   empty
[    0.000000]   Device   empty
[    0.000000] Movable zone start for each node
[    0.000000] Early memory node ranges
[    0.000000]   node   0: [mem 0x0000000000001000-0x000000000009efff]
[    0.000000]   node   0: [mem 0x0000000000100000-0x000000001ffeffff]
[    0.000000] Reserved but unavailable: 104 pages
[    0.000000] Initmem setup node 0 [mem 0x0000000000001000-0x000000001ffeffff]
[    0.000000] ACPI: PM-Timer IO Port: 0x4008
[    0.000000] IOAPIC[0]: apic_id 2, version 32, address 0xfec00000, GSI 0-23
[    0.000000] ACPI: INT_SRC_OVR (bus 0 bus_irq 0 global_irq 2 dfl dfl)
[    0.000000] ACPI: INT_SRC_OVR (bus 0 bus_irq 9 global_irq 9 low level)
[    0.000000] Using ACPI (MADT) for SMP configuration information
[    0.000000] smpboot: Allowing 2 CPUs, 0 hotplug CPUs
[    0.000000] PM: Registered nosave memory: [mem 0x00000000-0x00000fff]
[    0.000000] PM: Registered nosave memory: [mem 0x0009f000-0x0009ffff]
[    0.000000] PM: Registered nosave memory: [mem 0x000a0000-0x000effff]
[    0.000000] PM: Registered nosave memory: [mem 0x000f0000-0x000fffff]
[    0.000000] e820: [mem 0x20000000-0xfebfffff] available for PCI devices
[    0.000000] Booting paravirtualized kernel on KVM
[    0.000000] clocksource: refined-jiffies: mask: 0xffffffff max_cycles: 0xffffffff, max_idle_ns: 7645519600211568 ns
[    0.000000] setup_percpu: NR_CPUS:8192 nr_cpumask_bits:2 nr_cpu_ids:2 nr_node_ids:1
[    0.000000] percpu: Embedded 50 pages/cpu s167936 r8192 d28672 u1048576
[    0.000000] PV qspinlock hash table entries: 256 (order: 0, 4096 bytes)
[    0.000000] Built 1 zonelists, mobility grouping on.  Total pages: 128889
[    0.000000] Policy zone: DMA32
[    0.000000] Kernel command line: BOOT_IMAGE=/boot/vmlinuz-4.15.0-212-generic root=LABEL=cloudimg-rootfs ro console=tty1 console=ttyS0
[    0.000000] Memory: 466548K/523832K available (12300K kernel code, 2477K rwdata, 4324K rodata, 2480K init, 2720K bss, 57284K reserved, 0K cma-reserved)
[    0.000000] SLUB: HWalign=64, Order=0-3, MinObjects=0, CPUs=2, Nodes=1
[    0.000000] ftrace: allocating 39508 entries in 155 pages
[    0.004000] Hierarchical RCU implementation.
[    0.004000] 	RCU restricting CPUs from NR_CPUS=8192 to nr_cpu_ids=2.
[    0.004000] 	Tasks RCU enabled.
[    0.004000] RCU: Adjusting geometry for rcu_fanout_leaf=16, nr_cpu_ids=2
[    0.004000] NR_IRQS: 524544, nr_irqs: 440, preallocated irqs: 16
[    0.004000] random: crng init done
[    0.004000] Console: colour VGA+ 80x25
[    0.004000] console [tty1] enabled
[    0.004000] console [ttyS0] enabled
[    0.004000] ACPI: Core revision 20170831
[    0.004000] ACPI: 2 ACPI AML tables successfully acquired and loaded
[    0.004000] APIC: Switch to symmetric I/O mode setup
[    0.004000] x2apic enabled
[    0.004000] Switched APIC routing to physical x2apic.
[    0.004000] ..TIMER: vector=0x30 apic1=0 pin1=2 apic2=-1 pin2=-1
[    0.004000] tsc: Detected 2096.062 MHz processor
[    0.004000] Calibrating delay loop (skipped) preset value.. 4192.12 BogoMIPS (lpj=8384248)
[    0.004000] pid_max: default: 32768 minimum: 301
[    0.004000] Security Framework initialized
[    0.004000] Yama: becoming mindful.
[    0.004000] AppArmor: AppArmor initialized
[    0.004000] Dentry cache hash table entries: 65536 (order: 7, 524288 bytes)
[    0.004000] Inode-cache hash table entries: 32768 (order: 6, 262144 bytes)
[    0.004000] Mount-cache hash table entries: 1024 (order: 1, 8192 bytes)
[    0.004000] Mountpoint-cache hash table entries: 1024 (order: 1, 8192 bytes)
[    0.004000] Last level iTLB entries: 4KB 1024, 2MB 1024, 4MB 512
[    0.004000] Last level dTLB entries: 4KB 2048, 2MB 2048, 4MB 1024, 1GB 0
[    0.004000] Spectre V1 : Mitigation: usercopy/swapgs barriers and __user pointer sanitization
[    0.004000] Spectre V2 : Mitigation: Retpolines
[    0.004000] Spectre V2 : Spectre v2 / SpectreRSB mitigation: Filling RSB on context switch
[    0.004000] Spectre V2 : Spectre v2 / SpectreRSB : Filling RSB on VMEXIT
[    0.004000] RETBleed: Vulnerable
[    0.004000] Freeing SMP alternatives memory: 36K
[    0.119999] APIC calibration not consistent with PM-Timer: 105ms instead of 100ms
[    0.120000] APIC delta adjusted to PM-Timer: 6375637 (6748375)
[    0.120049] smpboot: CPU0: AMD Ryzen 5 5500U with Radeon Graphics (family: 0x17, model: 0x68, stepping: 0x1)
[    0.121346] Performance Events: PMU not available due to virtualization, using software events only.
[    0.122502] Hierarchical SRCU implementation.
[    0.123676] NMI watchdog: Perf event create on CPU 0 failed with -2
[    0.124002] NMI watchdog: Perf NMI watchdog permanently disabled
[    0.124775] smp: Bringing up secondary CPUs ...
[    0.125447] x86: Booting SMP configuration:
[    0.125980] .... node  #0, CPUs:      #1
[    0.004000] kvm-clock: cpu 1, msr 0:1ff44041, secondary cpu clock
[    0.128000] TSC synchronization [CPU#0 -> CPU#1]:
[    0.128000] Measured 525 cycles TSC warp between CPUs, turning off TSC clock.
[    0.128000] tsc: Marking TSC unstable due to check_tsc_sync_source failed
[    0.132019] smp: Brought up 1 node, 2 CPUs
[    0.132523] smpboot: Max logical packages: 1
[    0.133070] smpboot: Total of 2 processors activated (8384.24 BogoMIPS)
[    0.133980] devtmpfs: initialized
[    0.133980] x86/mm: Memory block size: 128MB
[    0.133980] evm: security.selinux
[    0.136008] evm: security.SMACK64
[    0.136436] evm: security.SMACK64EXEC
[    0.136893] evm: security.SMACK64TRANSMUTE
[    0.137429] evm: security.SMACK64MMAP
[    0.137917] evm: security.apparmor
[    0.138368] evm: security.ima
[    0.138764] evm: security.capability
[    0.139236] clocksource: jiffies: mask: 0xffffffff max_cycles: 0xffffffff, max_idle_ns: 7645041785100000 ns
[    0.140009] futex hash table entries: 512 (order: 3, 32768 bytes)
[    0.140854] pinctrl core: initialized pinctrl subsystem
[    0.141624] RTC time: 18:48:08, date: 09/11/23
[    0.142353] NET: Registered protocol family 16
[    0.143029] audit: initializing netlink subsys (disabled)
[    0.143745] audit: type=2000 audit(1694458092.906:1): state=initialized audit_enabled=0 res=1
[    0.143745] cpuidle: using governor ladder
[    0.143745] cpuidle: using governor menu
[    0.143745] ACPI: bus type PCI registered
[    0.144005] acpiphp: ACPI Hot Plug PCI Controller Driver version: 0.5
[    0.144880] PCI: Using configuration type 1 for base access
[    0.145589] PCI: Using configuration type 1 for extended access
[    0.148722] HugeTLB registered 2.00 MiB page size, pre-allocated 0 pages
[    0.148933] ACPI: Added _OSI(Module Device)
[    0.148933] ACPI: Added _OSI(Processor Device)
[    0.149194] ACPI: Added _OSI(3.0 _SCP Extensions)
[    0.152004] ACPI: Added _OSI(Processor Aggregator Device)
[    0.152648] ACPI: Added _OSI(Linux-Dell-Video)
[    0.153204] ACPI: Added _OSI(Linux-Lenovo-NV-HDMI-Audio)
[    0.153876] ACPI: Added _OSI(Linux-HPI-Hybrid-Graphics)
[    0.154719] ACPI: Executed 1 blocks of module-level executable AML code
[    0.158088] ACPI: Interpreter enabled
[    0.158673] ACPI: (supports S0 S5)
[    0.160004] ACPI: Using IOAPIC for interrupt routing
[    0.160859] PCI: Using host bridge windows from ACPI; if necessary, use "pci=nocrs" and report a bug
[    0.162194] ACPI: Enabled 2 GPEs in block 00 to 07
[    0.163051] ACPI: PCI Root Bridge [PCI0] (domain 0000 [bus 00-ff])
[    0.163892] acpi PNP0A03:00: _OSC: OS supports [ExtendedConfig ASPM ClockPM Segments MSI]
[    0.168679] acpi PNP0A03:00: _OSC: platform does not support [PCIeCapability]
[    0.169850] acpi PNP0A03:00: _OSC: not requesting control; platform does not support [PCIeCapability]
[    0.171329] acpi PNP0A03:00: _OSC: OS requested [PCIeHotplug PME AER PCIeCapability]
[    0.172002] acpi PNP0A03:00: _OSC: platform willing to grant [PCIeHotplug PME AER]
[    0.172966] acpi PNP0A03:00: _OSC failed (AE_SUPPORT); disabling ASPM
[    0.173953] PCI host bridge to bus 0000:00
[    0.174462] pci_bus 0000:00: root bus resource [io  0x0000-0x0cf7 window]
[    0.176003] pci_bus 0000:00: root bus resource [io  0x0d00-0xffff window]
[    0.176788] pci_bus 0000:00: root bus resource [mem 0x000a0000-0x000bffff window]
[    0.177686] pci_bus 0000:00: root bus resource [mem 0x20000000-0xfdffffff window]
[    0.178566] pci_bus 0000:00: root bus resource [bus 00-ff]
[    0.178566] pci 0000:00:01.1: legacy IDE quirk: reg 0x10: [io  0x01f0-0x01f7]
[    0.178566] pci 0000:00:01.1: legacy IDE quirk: reg 0x14: [io  0x03f6]
[    0.178566] pci 0000:00:01.1: legacy IDE quirk: reg 0x18: [io  0x0170-0x0177]
[    0.179380] pci 0000:00:01.1: legacy IDE quirk: reg 0x1c: [io  0x0376]
[    0.190665] pci 0000:00:07.0: quirk: [io  0x4000-0x403f] claimed by PIIX4 ACPI
[    0.190665] pci 0000:00:07.0: quirk: [io  0x4100-0x410f] claimed by PIIX4 SMB
[    0.197808] ACPI: PCI Interrupt Link [LNKA] (IRQs 5 9 10 *11)
[    0.198810] ACPI: PCI Interrupt Link [LNKB] (IRQs 5 9 *10 11)
[    0.199561] ACPI: PCI Interrupt Link [LNKC] (IRQs 5 *9 10 11)
[    0.200070] ACPI: PCI Interrupt Link [LNKD] (IRQs 5 9 10 *11)
[    0.201125] SCSI subsystem initialized
[    0.201615] pci 0000:00:02.0: vgaarb: setting as boot VGA device
[    0.201615] pci 0000:00:02.0: vgaarb: VGA device added: decodes=io+mem,owns=io+mem,locks=none
[    0.201719] pci 0000:00:02.0: vgaarb: bridge control possible
[    0.204008] vgaarb: loaded
[    0.204383] ACPI: bus type USB registered
[    0.204885] usbcore: registered new interface driver usbfs
[    0.205536] usbcore: registered new interface driver hub
[    0.206174] usbcore: registered new device driver usb
[    0.206802] EDAC MC: Ver: 3.0.0
[    0.208056] PCI: Using ACPI for IRQ routing
[    0.208770] NetLabel: Initializing
[    0.209192] NetLabel:  domain hash size = 128
[    0.209711] NetLabel:  protocols = UNLABELED CIPSOv4 CALIPSO
[    0.210410] NetLabel:  unlabeled traffic allowed by default
[    0.211082] clocksource: Switched to clocksource kvm-clock
[    0.220907] VFS: Disk quotas dquot_6.6.0
[    0.220907] VFS: Dquot-cache hash table entries: 512 (order 0, 4096 bytes)
[    0.220907] AppArmor: AppArmor Filesystem Enabled
[    0.220907] pnp: PnP ACPI init
[    0.220907] pnp: PnP ACPI: found 3 devices
[    0.234097] clocksource: acpi_pm: mask: 0xffffff max_cycles: 0xffffff, max_idle_ns: 2085701024 ns
[    0.235194] NET: Registered protocol family 2
[    0.235665] IP idents hash table entries: 8192 (order: 4, 65536 bytes)
[    0.236473] TCP established hash table entries: 4096 (order: 3, 32768 bytes)
[    0.237311] TCP bind hash table entries: 4096 (order: 4, 65536 bytes)
[    0.238067] TCP: Hash tables configured (established 4096 bind 4096)
[    0.238831] UDP hash table entries: 256 (order: 1, 8192 bytes)
[    0.239542] UDP-Lite hash table entries: 256 (order: 1, 8192 bytes)
[    0.240303] NET: Registered protocol family 1
[    0.240832] pci 0000:00:00.0: Limiting direct PCI/PCI transfers
[    0.241536] pci 0000:00:01.0: Activating ISA DMA hang workarounds
[    0.242265] pci 0000:00:02.0: Video device with shadowed ROM at [mem 0x000c0000-0x000dffff]
[    0.243327] Unpacking initramfs...
[    0.244271] Freeing initrd memory: 19528K
[    0.244271] clocksource: tsc: mask: 0xffffffffffffffff max_cycles: 0x1e36a88731c, max_idle_ns: 440795269020 ns
[    0.244271] platform rtc_cmos: registered platform RTC device (no PNP device found)
[    0.244271] Scanning for low memory corruption every 60 seconds
[    0.486469] Initialise system trusted keyrings
[    0.487027] Key type blacklist registered
[    0.487586] workingset: timestamp_bits=36 max_order=17 bucket_order=0
[    0.488951] zbud: loaded
[    0.489665] squashfs: version 4.0 (2009/01/31) Phillip Lougher
[    0.490505] fuse init (API version 7.26)
[    0.494459] Key type asymmetric registered
[    0.495028] Asymmetric key parser 'x509' registered
[    0.495627] Block layer SCSI generic (bsg) driver version 0.4 loaded (major 246)
[    0.496580] io scheduler noop registered
[    0.497072] io scheduler deadline registered
[    0.497586] io scheduler cfq registered (default)
[    0.498324] ACPI: AC Adapter [AC] (off-line)
[    0.498885] input: Power Button as /devices/LNXSYSTM:00/LNXPWRBN:00/input/input0
[    0.499815] ACPI: Power Button [PWRF]
[    0.500322] input: Sleep Button as /devices/LNXSYSTM:00/LNXSLPBN:00/input/input1
[    0.501179] ACPI: Sleep Button [SLPF]
[    0.502247] ACPI: Battery Slot [BAT0] (battery present)
[    0.502906] Serial: 8250/16550 driver, 32 ports, IRQ sharing enabled
[    0.523993] 00:02: ttyS0 at I/O 0x3f8 (irq = 4, base_baud = 115200) is a 16550A
[    0.527235] Linux agpgart interface v0.103
[    0.529022] loop: module loaded
[    0.529929] scsi host0: ata_piix
[    0.530512] scsi host1: ata_piix
[    0.530967] ata1: PATA max UDMA/33 cmd 0x1f0 ctl 0x3f6 bmdma 0xd000 irq 14
[    0.531792] ata2: PATA max UDMA/33 cmd 0x170 ctl 0x376 bmdma 0xd008 irq 15
[    0.532837] tun: Universal TUN/TAP device driver, 1.6
[    0.533551] PPP generic driver version 2.4.2
[    0.534166] ehci_hcd: USB 2.0 'Enhanced' Host Controller (EHCI) Driver
[    0.534940] ehci-pci: EHCI PCI platform driver
[    0.535496] ehci-platform: EHCI generic platform driver
[    0.536126] ohci_hcd: USB 1.1 'Open' Host Controller (OHCI) Driver
[    0.536893] ohci-pci: OHCI PCI platform driver
[    0.537456] ohci-platform: OHCI generic platform driver
[    0.538110] uhci_hcd: USB Universal Host Controller Interface driver
[    0.538886] i8042: PNP: PS/2 Controller [PNP0303:PS2K,PNP0f03:PS2M] at 0x60,0x64 irq 1,12
[    0.540249] serio: i8042 KBD port at 0x60,0x64 irq 1
[    0.540874] serio: i8042 AUX port at 0x60,0x64 irq 12
[    0.541634] mousedev: PS/2 mouse device common for all mice
[    0.542574] input: AT Translated Set 2 keyboard as /devices/platform/i8042/serio0/input/input2
[    0.543916] rtc_cmos rtc_cmos: rtc core: registered rtc_cmos as rtc0
[    0.544763] rtc_cmos rtc_cmos: alarms up to one day, 114 bytes nvram
[    0.545521] i2c /dev entries driver
[    0.546022] device-mapper: uevent: version 1.0.3
[    0.546679] device-mapper: ioctl: 4.37.0-ioctl (2017-09-20) initialised: dm-devel@redhat.com
[    0.547764] ledtrig-cpu: registered to indicate activity on CPUs
[    0.548950] NET: Registered protocol family 10
[    0.552304] Segment Routing with IPv6
[    0.552822] NET: Registered protocol family 17
[    0.553494] Key type dns_resolver registered
[    0.554229] mce: Using 0 MCE banks
[    0.554695] RAS: Correctable Errors collector initialized.
[    0.555426] sched_clock: Marking stable (554201814, 0)->(660540393, -106338579)
[    0.556671] registered taskstats version 1
[    0.557203] Loading compiled-in X.509 certificates
[    0.559484] Loaded X.509 cert 'Build time autogenerated kernel key: b5b26778eaa3ab3a4a6cee031137706e947d12ad'
[    0.561158] Loaded X.509 cert 'Canonical Ltd. Live Patch Signing: 14df34d1a87cf37625abec039ef2bf521249b969'
[    0.562731] Loaded X.509 cert 'Canonical Ltd. Kernel Module Signing: 88f752e560a1e0737e31163a466ad7b70a850c19'
[    0.563946] blacklist: Loading compiled-in revocation X.509 certificates
[    0.564798] Loaded X.509 cert 'Canonical Ltd. Secure Boot Signing: 61482aa2830d0ab2ad5af10b7250da9033ddcef0'
[    0.566002] Loaded X.509 cert 'Canonical Ltd. Secure Boot Signing (2017): 242ade75ac4a15e50d50c84b0d45ff3eae707a03'
[    0.567267] Loaded X.509 cert 'Canonical Ltd. Secure Boot Signing (ESM 2018): 365188c1d374d6b07c3c8f240f8ef722433d6a8b'
[    0.568589] Loaded X.509 cert 'Canonical Ltd. Secure Boot Signing (2019): c0746fd6c5da3ae827864651ad66ae47fe24b3e8'
[    0.569847] Loaded X.509 cert 'Canonical Ltd. Secure Boot Signing (2021 v1): a8d54bbb3825cfb94fa13c9f8a594a195c107b8d'
[    0.571149] Loaded X.509 cert 'Canonical Ltd. Secure Boot Signing (2021 v2): 4cf046892d6fd3c9a5b03f98d845f90851dc6a8c'
[    0.572434] Loaded X.509 cert 'Canonical Ltd. Secure Boot Signing (2021 v3): 100437bb6de6e469b581e61cd66bce3ef4ed53af'
[    0.573717] Loaded X.509 cert 'Canonical Ltd. Secure Boot Signing (Ubuntu Core 2019): c1d57b8f6b743f23ee41f4f7ee292f06eecadfb9'
[    0.575114] zswap: loaded using pool lzo/zbud
[    0.578152] Key type big_key registered
[    0.578718] Key type trusted registered
[    0.580577] Key type encrypted registered
[    0.581118] AppArmor: AppArmor sha1 policy hashing enabled
[    0.581795] ima: No TPM chip found, activating TPM-bypass! (rc=-19)
[    0.582557] ima: Allocated hash algorithm: sha1
[    0.583141] evm: HMAC attrs: 0x1
[    0.583738]   Magic number: 7:542:847
[    0.584318] rtc_cmos rtc_cmos: setting system clock to 2023-09-11 18:48:08 UTC (1694458088)
[    0.585467] BIOS EDD facility v0.16 2004-Jun-25, 0 devices found
[    0.586181] EDD information not available.
[    0.717829] Freeing unused kernel image memory: 2480K
[    0.738898] Write protecting the kernel read-only data: 20480k
[    0.740205] Freeing unused kernel image memory: 2008K
[    0.741190] Freeing unused kernel image memory: 1820K
[    0.748374] x86/mm: Checked W+X mappings: passed, no W+X pages found.
Loading, please wait...
starting version 237
[    0.804346] Fusion MPT base driver 3.04.20
[    0.804888] Copyright (c) 1999-2008 LSI Corporation
[    0.807616] Fusion MPT SPI Host driver 3.04.20
[    0.809683] e1000: Intel(R) PRO/1000 Network Driver - version 7.3.21-k8-NAPI
[    0.810411] e1000: Copyright (c) 1999-2006 Intel Corporation.
[    0.824006] AVX2 version of gcm_enc/dec engaged.
[    0.824824] AES CTR mode by8 optimization enabled
[    1.008932] input: ImExPS/2 Generic Explorer Mouse as /devices/platform/i8042/serio1/input/input4
[    1.138650] e1000 0000:00:03.0 eth0: (PCI:33MHz:32-bit) 02:3b:7b:b7:3b:2d
[    1.139608] e1000 0000:00:03.0 eth0: Intel(R) PRO/1000 Network Connection
[    1.140965] mptbase: ioc0: Initiating bringup
[    2.443060] ioc0: LSI53C1030 A0: Capabilities={Initiator}
[    4.227433] scsi host2: ioc0: LSI53C1030 A0, FwRev=00000000h, Ports=1, MaxQ=256, IRQ=20
[    4.401255] scsi 2:0:0:0: Direct-Access     VBOX     HARDDISK         1.0  PQ: 0 ANSI: 5
[    4.440067] scsi target2:0:0: Beginning Domain Validation
[    4.445004] scsi target2:0:0: Domain Validation skipping write tests
[    4.447190] scsi target2:0:0: Ending Domain Validation
[    4.449082] scsi target2:0:0: asynchronous
[    4.451334] scsi 2:0:1:0: Direct-Access     VBOX     HARDDISK         1.0  PQ: 0 ANSI: 5
[    4.716458] scsi target2:0:1: Beginning Domain Validation
[    4.718124] scsi target2:0:1: Domain Validation skipping write tests
[    4.719397] scsi target2:0:1: Ending Domain Validation
[    4.720488] scsi target2:0:1: asynchronous
[    4.725277] sd 2:0:0:0: [sda] 83886080 512-byte logical blocks: (42.9 GB/40.0 GiB)
[    4.726495] sd 2:0:0:0: [sda] Write Protect is off
[    4.726507] sd 2:0:0:0: Attached scsi generic sg0 type 0
[    4.727812] sd 2:0:0:0: [sda] Incomplete mode parameter data
[    4.728458] sd 2:0:0:0: [sda] Assuming drive cache: write through
[    4.728577] sd 2:0:1:0: Attached scsi generic sg1 type 0
[    4.729200] sd 2:0:1:0: [sdb] 20480 512-byte logical blocks: (10.5 MB/10.0 MiB)
[    4.730667] sd 2:0:1:0: [sdb] Write Protect is off
[    4.731383] sd 2:0:1:0: [sdb] Incomplete mode parameter data
[    4.732000] sd 2:0:1:0: [sdb] Assuming drive cache: write through
[    4.732680]  sda: sda1
[    4.733401] sd 2:0:0:0: [sda] Attached SCSI disk
[    4.734953] sd 2:0:1:0: [sdb] Attached SCSI disk
[    4.746561] e1000 0000:00:08.0 eth1: (PCI:33MHz:32-bit) 08:00:27:75:ef:23
[    4.747574] e1000 0000:00:08.0 eth1: Intel(R) PRO/1000 Network Connection
[    5.090639] e1000 0000:00:09.0 eth2: (PCI:33MHz:32-bit) 08:00:27:cc:c5:ee
[    5.091422] e1000 0000:00:09.0 eth2: Intel(R) PRO/1000 Network Connection
[    5.092840] e1000 0000:00:08.0 enp0s8: renamed from eth1
[    5.116312] e1000 0000:00:09.0 enp0s9: renamed from eth2
[    5.140330] e1000 0000:00:03.0 enp0s3: renamed from eth0
Begin: Loading essential drivers ... [    6.532105] raid6: sse2x1   gen()  7751 MB/s
[    6.580097] raid6: sse2x1   xor()  8021 MB/s
[    6.628102] raid6: sse2x2   gen() 16226 MB/s
[    6.676098] raid6: sse2x2   xor() 10944 MB/s
[    6.724139] raid6: sse2x4   gen() 17069 MB/s
[    6.772134] raid6: sse2x4   xor()  8829 MB/s
[    6.820132] raid6: avx2x1   gen() 19040 MB/s
[    6.868131] raid6: avx2x1   xor() 15894 MB/s
[    6.916132] raid6: avx2x2   gen() 32968 MB/s
[    6.964131] raid6: avx2x2   xor() 21188 MB/s
[    7.012131] raid6: avx2x4   gen() 34211 MB/s
[    7.060131] raid6: avx2x4   xor() 11637 MB/s
[    7.060517] raid6: using algorithm avx2x4 gen() 34211 MB/s
[    7.061016] raid6: .... xor() 11637 MB/s, rmw enabled
[    7.061527] raid6: using avx2x2 recovery algorithm
[    7.062959] xor: automatically using best checksumming function   avx       
[    7.064397] async_tx: api initialized (async)
done.
Begin: Running /scripts/init-premount ... done.
Begin: Mounting root file system ... Begin: Running /scripts/local-top ... done.
Begin: Running /scripts/local-premount ... [    7.100354] Btrfs loaded, crc32c=crc32c-intel
Scanning for Btrfs filesystems
done.
Warning: fsck not present, so skipping root file system
[    7.131964] EXT4-fs (sda1): mounted filesystem with ordered data mode. Opts: (null)
done.
Begin: Running /scripts/local-bottom ... done.
Begin: Running /scripts/init-bottom ... done.
[    7.249285] ip_tables: (C) 2000-2006 Netfilter Core Team
[    7.255441] systemd[1]: systemd 237 running in system mode. (+PAM +AUDIT +SELINUX +IMA +APPARMOR +SMACK +SYSVINIT +UTMP +LIBCRYPTSETUP +GCRYPT +GNUTLS +ACL +XZ +LZ4 +SECCOMP +BLKID +ELFUTILS +KMOD -IDN2 +IDN -PCRE2 default-hierarchy=hybrid)
[    7.257899] systemd[1]: Detected virtualization oracle.
[    7.258501] systemd[1]: Detected architecture x86-64.

Welcome to [1mUbuntu 18.04.6 LTS[0m!

[    7.262614] systemd[1]: Set hostname to <ubuntu>.
[    7.264337] systemd[1]: Initializing machine ID from random generator.
[    7.265130] systemd[1]: Installed transient /etc/machine-id file.
[    7.424889] systemd[1]: Created slice User and Session Slice.
[[0;32m  OK  [0m] Created slice User and Session Slice.
[    7.436222] systemd[1]: Started Forward Password Requests to Wall Directory Watch.
[[0;32m  OK  [0m] Started Forward Password Requests to Wall Directory Watch.
[    7.437782] systemd[1]: Set up automount Arbitrary Executable File Formats File System Automount Point.
[[0;32m  OK  [0m] Set up automount Arbitrary Executabâ€¦rmats File System Automount Point.
[    7.439362] systemd[1]: Reached target Mounting snaps.
[[0;32m  OK  [0m] Reached target Mounting snaps.
[[0;32m  OK  [0m] Reached target Mounted snaps.
[[0;32m  OK  [0m] Reached target User and Group Name Lookups.
[[0;32m  OK  [0m] Reached target System Time Synchronized.
[[0;32m  OK  [0m] Reached target Swap.
[[0;32m  OK  [0m] Created slice System Slice.
[[0;32m  OK  [0m] Created slice system-serial\x2dgetty.slice.
[[0;32m  OK  [0m] Listening on Network Service Netlink Socket.
[[0;32m  OK  [0m] Listening on Journal Socket.
         Mounting Kernel Debug File System...
[[0;32m  OK  [0m] Listening on LVM2 poll daemon socket.
[[0;32m  OK  [0m] Listening on Device-mapper event daemon FIFOs.
[[0;32m  OK  [0m] Listening on udev Control Socket.
[[0;32m  OK  [0m] Listening on Journal Audit Socket.
         Starting Create list of required stâ€¦ce nodes for the current kernel...
         Starting Load Kernel Modules...
[[0;32m  OK  [0m] Listening on LVM2 metadata daemon socket.
         Starting Uncomplicated firewall...
[[0;32m  OK  [0m] Listening on /dev/initctl Compatibility Named Pipe.
         Starting Monitoring of LVM2 mirrorsâ€¦ng dmeventd or progress polling...
[[0;32m  OK  [0m] Listening on udev Kernel Socket.
         Mounting POSIX Message Queue File System...
[[0;32m  OK  [0m] Reached target Slices.
[[0;32m  OK  [0m] Listening on fsck to fsckd communication Socket.
         Starting File System Check on Root Device...
[    7.500509] Loading iSCSI transport class v2.0-870.
[    7.505372] iscsi: registered transport (tcp)
[[0;32m  OK  [0m] Listening on Journal Socket (/dev/log).
         Starting Set the console keyboard layout...
[    7.518583] iscsi: registered transport (iser)
[[0;32m  OK  [0m] Listening on Syslog Socket.
         Starting Journal Service...
         Mounting Huge Pages File System...
         Starting udev Coldplug all Devices...
[[0;32m  OK  [0m] Mounted Kernel Debug File System.
[[0;32m  OK  [0m] Started Create list of required staâ€¦vice nodes for the current kernel.
[[0;32m  OK  [0m] Started Load Kernel Modules.
[[0;32m  OK  [0m] Started Uncomplicated firewall.
[[0;32m  OK  [0m] Mounted POSIX Message Queue File System.
[[0;32m  OK  [0m] Mounted Huge Pages File System.
[[0;32m  OK  [0m] Started File System Check Daemon to report status.
[[0;32m  OK  [0m] Started LVM2 metadata daemon.
         Starting Apply Kernel Variables...
         Mounting FUSE Control File System...
         Mounting Kernel Configuration File System...
         Starting Create Static Device Nodes in /dev...
[[0;32m  OK  [0m] Mounted FUSE Control File System.
[[0;32m  OK  [0m] Mounted Kernel Configuration File System.
[[0;32m  OK  [0m] Started Journal Service.
[[0;32m  OK  [0m] Started udev Coldplug all Devices.
[[0;32m  OK  [0m] Started Create Static Device Nodes in /dev.
[[0;32m  OK  [0m] Started Monitoring of LVM2 mirrors,â€¦sing dmeventd or progress polling.
[[0;32m  OK  [0m] Started File System Check on Root Device.
         Starting Remount Root and Kernel File Systems...
[[0;32m  OK  [0m] Started Apply Kernel Variables.
[[0;32m  OK  [0m] Started Remount Root and Kernel File Systems.
         Starting Flush Journal to Persistent Storage...
         Starting Load/Save Random Seed...
         Starting udev Kernel Device Manager...
[[0;32m  OK  [0m] Started Load/Save Random Seed.
[[0;32m  OK  [0m] Started udev Kernel Device Manager.
[[0;32m  OK  [0m] Started Flush Journal to Persistent Storage.
[[0;32m  OK  [0m] Found device /dev/ttyS0.
[[0;32m  OK  [0m] Listening on Load/Save RF Kill Switch Status /dev/rfkill Watch.
         Mounting Arbitrary Executable File Formats File System...
[[0;32m  OK  [0m] Mounted Arbitrary Executable File Formats File System.
[[0;32m  OK  [0m] Started Set the console keyboard layout.
[[0;32m  OK  [0m] Started Dispatch Password Requests to Console Directory Watch.
[[0;32m  OK  [0m] Reached target Local Encrypted Volumes.
[[0;32m  OK  [0m] Reached target Local File Systems (Pre).
[[0;32m  OK  [0m] Reached target Local File Systems.
         Starting Tell Plymouth To Write Out Runtime Data...
         Starting AppArmor initialization...
         Starting ebtables ruleset management...
         Starting Set console font and keymap...
         Starting Commit a transient machine-id on disk...
         Starting Create Volatile Files and Directories...
[[0;32m  OK  [0m] Started Tell Plymouth To Write Out Runtime Data.
[[0;32m  OK  [0m] Started Create Volatile Files and Directories.
         Starting Update UTMP about System Boot/Shutdown...
[[0;32m  OK  [0m] Started Update UTMP about System Boot/Shutdown.
[[0;32m  OK  [0m] Started Commit a transient machine-id on disk.
[[0;32m  OK  [0m] Started ebtables ruleset management.
[[0;32m  OK  [0m] Started AppArmor initialization.
         Starting Load AppArmor profiles managed internally by snapd...
         Starting Initial cloud-init job (pre-networking)...
[[0;32m  OK  [0m] Started Load AppArmor profiles managed internally by snapd.
[[0;32m  OK  [0m] Started Set console font and keymap.
[    9.648190] cloud-init[815]: Cloud-init v. 23.1.2-0ubuntu0~18.04.1 running 'init-local' at Mon, 11 Sep 2023 18:48:17 +0000. Up 9.40 seconds.
[[0;32m  OK  [0m] Started Initial cloud-init job (pre-networking).
[[0;32m  OK  [0m] Reached target Network (Pre).
         Starting Network Service...
[[0;32m  OK  [0m] Started Network Service.
         Starting Wait for Network to be Configured...
         Starting Network Name Resolution...
[[0;32m  OK  [0m] Started Network Name Resolution.
[[0;32m  OK  [0m] Reached target Network.
[[0;32m  OK  [0m] Reached target Host and Network Name Lookups.
[[0;32m  OK  [0m] Started Wait for Network to be Configured.
         Starting Initial cloud-init job (metadata service crawler)...
[   11.726063] cloud-init[967]: Cloud-init v. 23.1.2-0ubuntu0~18.04.1 running 'init' at Mon, 11 Sep 2023 18:48:19 +0000. Up 11.61 seconds.
[   11.727345] cloud-init[967]: ci-info: ++++++++++++++++++++++++++++++++++++++Net device info+++++++++++++++++++++++++++++++++++++++
[   11.727745] cloud-init[967]: ci-info: +--------+-------+----------------------------+---------------+--------+-------------------+
[   11.728239] cloud-init[967]: ci-info: | Device |   Up  |          Address           |      Mask     | Scope  |     Hw-Address    |
[   11.729060] cloud-init[967]: ci-info: +--------+-------+----------------------------+---------------+--------+-------------------+
[   11.729475] cloud-init[967]: ci-info: | enp0s3 |  True |         10.0.2.15          | 255.255.255.0 | global | 02:3b:7b:b7:3b:2d |
[   11.729855] cloud-init[967]: ci-info: | enp0s3 |  True | fe80::3b:7bff:feb7:3b2d/64 |       .       |  link  | 02:3b:7b:b7:3b:2d |
[   11.730291] cloud-init[967]: ci-info: | enp0s8 | False |             .              |       .       |   .    | 08:00:27:75:ef:23 |
[   11.740385] cloud-init[967]: ci-info: | enp0s9 | False |             .              |       .       |   .    | 08:00:27:cc:c5:ee |
[   11.741368] cloud-init[967]: ci-info: |   lo   |  True |         127.0.0.1          |   255.0.0.0   |  host  |         .         |
[   11.742382] cloud-init[967]: ci-info: |   lo   |  True |          ::1/128           |       .       |  host  |         .         |
[   11.743325] cloud-init[967]: ci-info: +--------+-------+----------------------------+---------------+--------+-------------------+
[   11.752309] cloud-init[967]: ci-info: ++++++++++++++++++++++++++++Route IPv4 info+++++++++++++++++++++++++++++
[   11.752700] cloud-init[967]: ci-info: +-------+-------------+----------+-----------------+-----------+-------+
[   11.764416] cloud-init[967]: ci-info: | Route | Destination | Gateway  |     Genmask     | Interface | Flags |
[   11.765273] cloud-init[967]: ci-info: +-------+-------------+----------+-----------------+-----------+-------+
[   11.766070] cloud-init[967]: ci-info: |   0   |   0.0.0.0   | 10.0.2.2 |     0.0.0.0     |   enp0s3  |   UG  |
[   11.776854] cloud-init[967]: ci-info: |   1   |   10.0.2.0  | 0.0.0.0  |  255.255.255.0  |   enp0s3  |   U   |
[   11.788153] cloud-init[967]: ci-info: |   2   |   10.0.2.2  | 0.0.0.0  | 255.255.255.255 |   enp0s3  |   UH  |
[   11.788478] cloud-init[967]: ci-info: +-------+-------------+----------+-----------------+-----------+-------+
[   11.788798] cloud-init[967]: ci-info: +++++++++++++++++++Route IPv6 info+++++++++++++++++++
[   11.789052] cloud-init[967]: ci-info: +-------+-------------+---------+-----------+-------+
[   11.789365] cloud-init[967]: ci-info: | Route | Destination | Gateway | Interface | Flags |
[   11.789657] cloud-init[967]: ci-info: +-------+-------------+---------+-----------+-------+
[   11.789916] cloud-init[967]: ci-info: |   1   |  fe80::/64  |    ::   |   enp0s3  |   U   |
[   11.790177] cloud-init[967]: ci-info: |   3   |    local    |    ::   |   enp0s3  |   U   |
[   11.790434] cloud-init[967]: ci-info: |   4   |   ff00::/8  |    ::   |   enp0s3  |   U   |
[   11.790748] cloud-init[967]: ci-info: +-------+-------------+---------+-----------+-------+
[   12.698879] cloud-init[967]: Generating public/private rsa key pair.
[   12.699277] cloud-init[967]: Your identification has been saved in /etc/ssh/ssh_host_rsa_key.
[   12.699914] cloud-init[967]: Your public key has been saved in /etc/ssh/ssh_host_rsa_key.pub.
[   12.700477] cloud-init[967]: The key fingerprint is:
[   12.700708] cloud-init[967]: SHA256:mxK6x3RxvXlcaYil+RL1CdaGeiFBVxMO+4dtnZuJ8m0 root@ubuntu-bionic
[   12.701018] cloud-init[967]: The key's randomart image is:
[   12.701257] cloud-init[967]: +---[RSA 2048]----+
[   12.701476] cloud-init[967]: |          .o.o++.|
[   12.701688] cloud-init[967]: |           ..B+o.|
[   12.701913] cloud-init[967]: |           .X.*.o|
[   12.702128] cloud-init[967]: |        . .*.o.B+|
[   12.702354] cloud-init[967]: |      . So  ++o+=|
[   12.702640] cloud-init[967]: |     ....o .o.+.=|
[   12.702890] cloud-init[967]: |    .o..o  ..o + |
[   12.703193] cloud-init[967]: |     .o.    o .E |
[   12.703429] cloud-init[967]: |    ..       ... |
[   12.703667] cloud-init[967]: +----[SHA256]-----+
[   12.703899] cloud-init[967]: Generating public/private dsa key pair.
[   12.704235] cloud-init[967]: Your identification has been saved in /etc/ssh/ssh_host_dsa_key.
[   12.704518] cloud-init[967]: Your public key has been saved in /etc/ssh/ssh_host_dsa_key.pub.
[   12.704814] cloud-init[967]: The key fingerprint is:
[   12.705092] cloud-init[967]: SHA256:6adwl4TWclZRMUUGq7ahohdDEgD0C2dvi4Tnffbb9s4 root@ubuntu-bionic
[   12.705381] cloud-init[967]: The key's randomart image is:
[   12.705613] cloud-init[967]: +---[DSA 1024]----+
[   12.705836] cloud-init[967]: | .o...      ..==+|
[   12.706049] cloud-init[967]: |   .  .      . + |
[   12.706237] cloud-init[967]: |  . +  .    . .  |
[   12.706454] cloud-init[967]: |   = o. .+ . .   |
[   12.706710] cloud-init[967]: |  . + ooS = +    |
[   12.706922] cloud-init[967]: |   + + +o= + o   |
[   12.707146] cloud-init[967]: |    o + *o= .    |
[   12.707336] cloud-init[967]: |       *.* ...   |
[   12.707554] cloud-init[967]: |      ... oo.oE  |
[   12.707748] cloud-init[967]: +----[SHA256]-----+
[   12.707986] cloud-init[967]: Generating public/private ecdsa key pair.
[   12.708373] cloud-init[967]: Your identification has been saved in /etc/ssh/ssh_host_ecdsa_key.
[   12.708802] cloud-init[967]: Your public key has been saved in /etc/ssh/ssh_host_ecdsa_key.pub.
[   12.709223] cloud-init[967]: The key fingerprint is:
[   12.709532] cloud-init[967]: SHA256:Ronul1b6qPrBXI5jILug4adJvV9vTkpsvP+718JXcBQ root@ubuntu-bionic
[   12.709949] cloud-init[967]: The key's randomart image is:
[   12.710281] cloud-init[967]: +---[ECDSA 256]---+
[   12.710586] cloud-init[967]: |               E.|
[   12.710827] cloud-init[967]: |       . .      .|
[   12.711105] cloud-init[967]: |      . o      . |
[   12.711381] cloud-init[967]: |     . .      . .|
[   12.711637] cloud-init[967]: |  . . . S .    o |
[   12.711921] cloud-init[967]: |  .o =o= +      .|
[   12.712278] cloud-init[967]: |o...  O**.  . . .|
[   12.712560] cloud-init[967]: |+o.o..+==+   + o |
[   12.712843] cloud-init[967]: |.++.o+o+=+o++ o  |
[   12.713130] cloud-init[967]: +----[SHA256]-----+
[   12.713427] cloud-init[967]: Generating public/private ed25519 key pair.
[   12.713752] cloud-init[967]: Your identification has been saved in /etc/ssh/ssh_host_ed25519_key.
[   12.714173] cloud-init[967]: Your public key has been saved in /etc/ssh/ssh_host_ed25519_key.pub.
[   12.724279] cloud-init[967]: The key fingerprint is:
[   12.724597] cloud-init[967]: SHA256:D4ahyLGBSeRMmTqom8NBeF1HvVQEZRqYH3tIcuz3PCc root@ubuntu-bionic
[   12.725073] cloud-init[967]: The key's randomart image is:
[   12.725405] cloud-init[967]: +--[ED25519 256]--+
[   12.725697] cloud-init[967]: |.+o    ..=o==    |
[   12.726161] cloud-init[967]: |==    . = B+     |
[   12.726477] cloud-init[967]: |*oo. ... B.=     |
[   12.726797] cloud-init[967]: |=o.=.. o  * o    |
[   12.727120] cloud-init[967]: |oo+ . . S  o o   |
[   12.727416] cloud-init[967]: |..     . o    E .|
[   12.727766] cloud-init[967]: |.o.       .    + |
[   12.728080] cloud-init[967]: |+.               |
[   12.728433] cloud-init[967]: | .               |
[   12.728710] cloud-init[967]: +----[SHA256]-----+
[[0;32m  OK  [0m] Started Initial cloud-init job (metadata service crawler).
[[0;32m  OK  [0m] Reached target System Initialization.
[[0;32m  OK  [0m] Started Discard unused blocks once a week.
[[0;32m  OK  [0m] Listening on Open-iSCSI iscsid Socket.
         Starting Socket activation for snappy daemon.
[[0;32m  OK  [0m] Listening on D-Bus System Message Bus Socket.
[[0;32m  OK  [0m] Started Daily apt download activities.
[[0;32m  OK  [0m] Started Daily apt upgrade and clean activities.
[[0;32m  OK  [0m] Started Ubuntu Advantage Timer for running repeated jobs.
         Starting LXD - unix socket.
[[0;32m  OK  [0m] Listening on cloud-init hotplug hook socket.
[[0;32m  OK  [0m] Listening on ACPID Listen Socket.
[[0;32m  OK  [0m] Started Message of the Day.
[[0;32m  OK  [0m] Listening on UUID daemon activation socket.
[[0;32m  OK  [0m] Started ACPI Events Check.
[[0;32m  OK  [0m] Reached target Paths.
[[0;32m  OK  [0m] Started Daily Cleanup of Temporary Directories.
[[0;32m  OK  [0m] Reached target Timers.
[[0;32m  OK  [0m] Reached target Network is Online.
[[0;32m  OK  [0m] Reached target Remote File Systems (Pre).
[[0;32m  OK  [0m] Reached target Remote File Systems.
         Starting Availability of block devices...
[[0;32m  OK  [0m] Reached target Cloud-config availability.
[[0;32m  OK  [0m] Listening on Socket activation for snappy daemon.
[[0;32m  OK  [0m] Listening on LXD - unix socket.
[[0;32m  OK  [0m] Reached target Sockets.
[[0;32m  OK  [0m] Reached target Basic System.
         Starting LXD - container startup/shutdown...
         Starting Pollinate to seed the pseudo random number generator...
         Starting LSB: automatic crash report generation...
         Starting LSB: Record successful boot for GRUB...
         Starting Login Service...
         Starting Dispatcher daemon for systemd-networkd...
[[0;32m  OK  [0m] Reached target Login Prompts (Pre).
         Starting Virtualbox guest utils...
[[0;32m  OK  [0m] Started irqbalance daemon.
         Starting System Logging Service...
         Starting Permit User Sessions...
[[0;32m  OK  [0m] Started Deferred execution scheduler.
         Starting Accounts Service...
[[0;32m  OK  [0m] Started Regular background program processing daemon.
[[0;32m  OK  [0m] Started FUSE filesystem for LXC.
[[0;32m  OK  [0m] Started D-Bus System Message Bus.
         Starting Snap Daemon...
[[0;32m  OK  [0m] Started System Logging Service.
[[0;32m  OK  [0m] Started Availability of block devices.
[[0;32m  OK  [0m] Started LXD - container startup/shutdown.
[[0;32m  OK  [0m] Started Permit User Sessions.
[[0;32m  OK  [0m] Started Login Service.
[[0;32m  OK  [0m] Started Unattended Upgrades Shutdown.
         Starting Terminate Plymouth Boot Screen...
         Starting Hold until boot process finishes up...
[[0;32m  OK  [0m] Started Hold until boot process finishes up.
         Starting Set console scheme...
[[0;32m  OK  [0m] Started Serial Getty on ttyS0.
[[0;32m  OK  [0m] Started Terminate Plymouth Boot Screen.
[[0;32m  OK  [0m] Started LSB: automatic crash report generation.
         Starting Authorization Manager...
[[0;32m  OK  [0m] Started LSB: Record successful boot for GRUB.
[[0;32m  OK  [0m] Started Authorization Manager.
[[0;32m  OK  [0m] Started Accounts Service.
[[0;32m  OK  [0m] Started Set console scheme.
[[0;32m  OK  [0m] Created slice system-getty.slice.
[[0;32m  OK  [0m] Started Getty on tty1.
[[0;32m  OK  [0m] Reached target Login Prompts.
[[0;32m  OK  [0m] Started Dispatcher daemon for systemd-networkd.
[[0;32m  OK  [0m] Started Virtualbox guest utils.
[[0;32m  OK  [0m] Started Snap Daemon.
         Starting Wait until snapd is fully seeded...
         Starting Time & Date Service...
[[0;32m  OK  [0m] Started Time & Date Service.
[[0;32m  OK  [0m] Started Pollinate to seed the pseudo random number generator.
         Starting OpenBSD Secure Shell server...
[[0;32m  OK  [0m] Started OpenBSD Secure Shell server.
[[0;32m  OK  [0m] Created slice User Slice of vagrant.
         Starting User Manager for UID 1000...
[[0;32m  OK  [0m] Started Session 1 of user vagrant.
[[0;32m  OK  [0m] Started User Manager for UID 1000.

Ubuntu 18.04.6 LTS ubuntu-bionic ttyS0

ubuntu-bionic login: [   28.183146] cloud-init[2304]: Cloud-init v. 23.1.2-0ubuntu0~18.04.1 running 'modules:config' at Mon, 11 Sep 2023 18:48:35 +0000. Up 27.91 seconds.
ci-info: no authorized SSH keys fingerprints found for user ubuntu.
<14>Sep 11 18:48:36 cloud-init: #############################################################
<14>Sep 11 18:48:36 cloud-init: -----BEGIN SSH HOST KEY FINGERPRINTS-----
<14>Sep 11 18:48:36 cloud-init: 1024 SHA256:6adwl4TWclZRMUUGq7ahohdDEgD0C2dvi4Tnffbb9s4 root@ubuntu-bionic (DSA)
<14>Sep 11 18:48:36 cloud-init: 256 SHA256:Ronul1b6qPrBXI5jILug4adJvV9vTkpsvP+718JXcBQ root@ubuntu-bionic (ECDSA)
<14>Sep 11 18:48:36 cloud-init: 256 SHA256:D4ahyLGBSeRMmTqom8NBeF1HvVQEZRqYH3tIcuz3PCc root@ubuntu-bionic (ED25519)
<14>Sep 11 18:48:36 cloud-init: 2048 SHA256:mxK6x3RxvXlcaYil+RL1CdaGeiFBVxMO+4dtnZuJ8m0 root@ubuntu-bionic (RSA)
<14>Sep 11 18:48:36 cloud-init: -----END SSH HOST KEY FINGERPRINTS-----
<14>Sep 11 18:48:36 cloud-init: #############################################################
-----BEGIN SSH HOST KEY KEYS-----
ecdsa-sha2-nistp256 AAAAE2VjZHNhLXNoYTItbmlzdHAyNTYAAAAIbmlzdHAyNTYAAABBBLIC7IcIm21+DWYONVV96kJm/UhzIPNmcf+RdFqVV/8tw8Ci6RImLdrcFXFxXTDsz4MwsTmUSLfYyb4NVHuAByY= root@ubuntu-bionic
ssh-ed25519 AAAAC3NzaC1lZDI1NTE5AAAAIFBdB/C5KiGRodSVV2T+rokWzC4aJ7Gl0XTnlQVlhA/u root@ubuntu-bionic
ssh-rsa AAAAB3NzaC1yc2EAAAADAQABAAABAQCsUStfOWLAbaZXOmgWQGOG/W/ZxJ6Vcg2DuMucSlCU2niBVTdER2gIiP10SzOM4RDmpEwkqEVKWge1G2+7B+58hWuO2XFxD/CyutvO3v/36XbDJLjK9oKUi0viO94AZLcTUhSs5oclHpFM61/BcqLLYqDpmDcppKeqQZCACvQd4OEVnmipCrmh1vwQc/xBOLX5u3+U9Qw7Yk5Vtt6JIv4+2q9Z9wUQIvxjSnshjjAKEsjENNkEUQMGOXd2VuILhZSFgfLlmlYg3xMtSjVFyk0ZrfqhkZEJRBesn9hqw/UAcJ11iQKmnuDse7a3MTLbTZNT8igYCaSEo/mWU5DmfHNV root@ubuntu-bionic
-----END SSH HOST KEY KEYS-----
[   28.691404] cloud-init[2355]: Cloud-init v. 23.1.2-0ubuntu0~18.04.1 running 'modules:final' at Mon, 11 Sep 2023 18:48:36 +0000. Up 28.53 seconds.
[   28.691931] cloud-init[2355]: Cloud-init v. 23.1.2-0ubuntu0~18.04.1 finished at Mon, 11 Sep 2023 18:48:36 +0000. Datasource DataSourceNoCloud [seed=/dev/sdb][dsmode=net].  Up 28.68 seconds
